// Jest Snapshot v1, https://goo.gl/fbAQLP

exports[`Icon Component renders as expected 1`] = `ShallowWrapper {}`;
