// Jest Snapshot v1, https://goo.gl/fbAQLP

exports[`UpcomingList Component renders as expected 1`] = `ShallowWrapper {}`;
